<html>
<body>
<pre>
<h1>µVision Build Log</h1>
<h2>Project:</h2>
D:\Keil\github\STM32\EXTI\USER\test.uvproj
Project File Date:  08/16/2016

<h2>Output:</h2>
Build target 'Target 1'
assembling startup_stm32f10x_hd.s...
compiling test.c...
test.c(1): error:  #5: cannot open source input file "sys.h": No such file or directory
test.c:   # include "sys.h"
test.c:                    ^
test.c: test.c: 0 warnings, 1 error
compiling delay.c...
compiling sys.c...
compiling usart.c...
..\SYSTEM\usart\usart.c(1): error:  #5: cannot open source input file "sys.h": No such file or directory
..\SYSTEM\usart\usart.c:   #include "sys.h"
..\SYSTEM\usart\usart.c:                   ^
..\SYSTEM\usart\usart.c: ..\SYSTEM\usart\usart.c: 0 warnings, 1 error
compiling key.c...
..\HARDWARE\KEY\key.h(3): error:  #5: cannot open source input file "sys.h": No such file or directory
..\HARDWARE\KEY\key.h:   # include "sys.h"
..\HARDWARE\KEY\key.h:                    ^
..\HARDWARE\KEY\key.h: ..\HARDWARE\KEY\key.c: 0 warnings, 1 error
compiling led.c...
..\HARDWARE\LED\led.h(3): error:  #5: cannot open source input file "sys.h": No such file or directory
..\HARDWARE\LED\led.h:   # include "sys.h"
..\HARDWARE\LED\led.h:                    ^
..\HARDWARE\LED\led.h: ..\HARDWARE\LED\led.c: 0 warnings, 1 error
compiling exti.c...
..\HARDWARE\EXTI\exti.h(1): error:  #11-D: unrecognized preprocessing directive
..\HARDWARE\EXTI\exti.h:   # inndef __EXTI_H
..\HARDWARE\EXTI\exti.h:     ^
..\HARDWARE\EXTI\exti.h(4): warning:  #1-D: last line of file ends without a newline
..\HARDWARE\EXTI\exti.h:   # endif
..\HARDWARE\EXTI\exti.h:          ^
..\HARDWARE\EXTI\exti.h(4): error:  #36: the #if for this directive is missing
..\HARDWARE\EXTI\exti.h:   # endif
..\HARDWARE\EXTI\exti.h:     ^
..\HARDWARE\EXTI\exti.c(2): error:  #5: cannot open source input file "led.h": No such file or directory
..\HARDWARE\EXTI\exti.c:   # include "led.h"
..\HARDWARE\EXTI\exti.c:                    ^
..\HARDWARE\EXTI\exti.c: ..\HARDWARE\EXTI\exti.c: 1 warning, 3 errors
Target not created
Build target 'Target 1'
compiling test.c...
test.c(13): warning:  #223-D: function "EXTIX_Init" declared implicitly
test.c:         EXTIX_Init();
test.c:         ^
test.c: test.c: 1 warning, 0 errors
compiling delay.c...
compiling sys.c...
compiling usart.c...
compiling key.c...
compiling led.c...
compiling exti.c...
..\HARDWARE\EXTI\exti.h(1): error:  #11-D: unrecognized preprocessing directive
..\HARDWARE\EXTI\exti.h:   # inndef __EXTI_H
..\HARDWARE\EXTI\exti.h:     ^
..\HARDWARE\EXTI\exti.h(4): warning:  #1-D: last line of file ends without a newline
..\HARDWARE\EXTI\exti.h:   # endif
..\HARDWARE\EXTI\exti.h:          ^
..\HARDWARE\EXTI\exti.h(4): error:  #36: the #if for this directive is missing
..\HARDWARE\EXTI\exti.h:   # endif
..\HARDWARE\EXTI\exti.h:     ^
..\HARDWARE\EXTI\exti.c(69): warning:  #1-D: last line of file ends without a newline
..\HARDWARE\EXTI\exti.c:   }
..\HARDWARE\EXTI\exti.c:    ^
..\HARDWARE\EXTI\exti.c: ..\HARDWARE\EXTI\exti.c: 2 warnings, 2 errors
Target not created
Build target 'Target 1'
compiling exti.c...
..\HARDWARE\EXTI\exti.h(1): error:  #11-D: unrecognized preprocessing directive
..\HARDWARE\EXTI\exti.h:   # inndef __EXTI_H
..\HARDWARE\EXTI\exti.h:     ^
..\HARDWARE\EXTI\exti.h(4): error:  #36: the #if for this directive is missing
..\HARDWARE\EXTI\exti.h:   # endif
..\HARDWARE\EXTI\exti.h:     ^
..\HARDWARE\EXTI\exti.c(69): warning:  #1-D: last line of file ends without a newline
..\HARDWARE\EXTI\exti.c:   }
..\HARDWARE\EXTI\exti.c:    ^
..\HARDWARE\EXTI\exti.c: ..\HARDWARE\EXTI\exti.c: 1 warning, 2 errors
Target not created
Build target 'Target 1'
compiling exti.c...
..\HARDWARE\EXTI\exti.h(1): error:  #11-D: unrecognized preprocessing directive
..\HARDWARE\EXTI\exti.h:   # inndef __EXTI_H
..\HARDWARE\EXTI\exti.h:     ^
..\HARDWARE\EXTI\exti.h(4): error:  #36: the #if for this directive is missing
..\HARDWARE\EXTI\exti.h:   # endif
..\HARDWARE\EXTI\exti.h:     ^
..\HARDWARE\EXTI\exti.h: ..\HARDWARE\EXTI\exti.c: 0 warnings, 2 errors
Target not created
Build target 'Target 1'
compiling exti.c...
..\HARDWARE\EXTI\exti.h(1): error:  #11-D: unrecognized preprocessing directive
..\HARDWARE\EXTI\exti.h:   # indef __EXTI_H
..\HARDWARE\EXTI\exti.h:     ^
..\HARDWARE\EXTI\exti.h(4): error:  #36: the #if for this directive is missing
..\HARDWARE\EXTI\exti.h:   # endif
..\HARDWARE\EXTI\exti.h:     ^
..\HARDWARE\EXTI\exti.h: ..\HARDWARE\EXTI\exti.c: 0 warnings, 2 errors
Target not created
Build target 'Target 1'
compiling exti.c...
linking...
Program Size: Code=3872 RO-data=336 RW-data=12 ZI-data=1636  
"..\test.axf" - 0 Error(s), 0 Warning(s).
